[2026-02-15T18:06:34.207816] {
  "ip": "2a0d:3341:c56e:ab08:5926:d9af:56fa:6f72",
  "ip_decimal": 55896115295950105537133530186826542962,
  "country": "United States",
  "country_iso": "US",
  "country_eu": false,
  "latitude": 37.751,
  "longitude": -97.822,
  "time_zone": "America/Chicago",
  "hostname": "customer.dohaqat1.pop.starlinkisp.net",
  "user_agent": {
    "product": "okhttp",
    "version": "4.12.0",
    "raw_value": "okhttp/4.12.0"
  }
}
-------------------
[2026-02-15T18:10:26.924893] {
  "ip": "2a0d:3341:c56e:ab08:5926:d9af:56fa:6f72",
  "ip_decimal": 55896115295950105537133530186826542962,
  "country": "United States",
  "country_iso": "US",
  "country_eu": false,
  "latitude": 37.751,
  "longitude": -97.822,
  "time_zone": "America/Chicago",
  "hostname": "customer.dohaqat1.pop.starlinkisp.net",
  "user_agent": {
    "product": "okhttp",
    "version": "4.12.0",
    "raw_value": "okhttp/4.12.0"
  }
}
-------------------
[2026-02-15T18:10:34.856469] {
  "ip": "2a0d:3341:c56e:ab08:5926:d9af:56fa:6f72",
  "ip_decimal": 55896115295950105537133530186826542962,
  "country": "United States",
  "country_iso": "US",
  "country_eu": false,
  "latitude": 37.751,
  "longitude": -97.822,
  "time_zone": "America/Chicago",
  "hostname": "customer.dohaqat1.pop.starlinkisp.net",
  "user_agent": {
    "product": "okhttp",
    "version": "4.12.0",
    "raw_value": "okhttp/4.12.0"
  }
}
-------------------
[2026-02-15T18:10:53.491481] {
  "ip": "136.169.50.80",
  "city": "Riga",
  "region": "Riga",
  "country": "LV",
  "loc": "56.9460,24.1059",
  "org": "AS20910 SIA BITE Latvija",
  "postal": "LV-1001",
  "timezone": "Europe/Riga",
  "readme": "https://ipinfo.io/missingauth"
}
-------------------
[2026-02-15T18:11:13.351449] {
  "ip": "209.198.143.107",
  "hostname": "customer.wrswpol1.pop.starlinkisp.net",
  "city": "Riga",
  "region": "Riga",
  "country": "LV",
  "loc": "56.9460,24.1059",
  "org": "AS14593 Space Exploration Technologies Corporation",
  "postal": "LV-1001",
  "timezone": "Europe/Riga",
  "readme": "https://ipinfo.io/missingauth"
}
-------------------
[2026-02-22T18:49:34.803782] {
  "ip": "84.15.221.149",
  "city": "Riga",
  "region": "Riga",
  "country": "LV",
  "loc": "56.9460,24.1059",
  "org": "AS13194 Bite IP Network",
  "postal": "LV-1073",
  "timezone": "Europe/Riga",
  "readme": "https://ipinfo.io/missingauth"
}
-------------------
[2026-05-03T23:35:45.459822] {
  "ip": "87.62.90.54",
  "city": "Århus",
  "region": "Central Jutland",
  "country": "DK",
  "loc": "56.1567,10.2108",
  "org": "AS3292 TDC Holding A/S",
  "postal": "8000",
  "timezone": "Europe/Copenhagen",
  "readme": "https://ipinfo.io/missingauth"
}
-------------------
[2026-06-06T12:09:43.384494] {
  "ip": "136.169.50.80",
  "city": "Riga",
  "region": "Riga",
  "country": "LV",
  "loc": "56.9460,24.1059",
  "org": "AS20910 SIA BITE Latvija",
  "postal": "LV-1001",
  "timezone": "Europe/Riga",
  "readme": "https://ipinfo.io/missingauth"
}
-------------------
[2026-06-06T12:11:23.320285] {
  "ip": "45.129.35.245",
  "city": "Frankfurt am Main",
  "region": "Hesse",
  "country": "DE",
  "loc": "50.1109,8.6829",
  "org": "AS136787 PacketHub S.A.",
  "postal": "60280",
  "timezone": "Europe/Berlin",
  "readme": "https://ipinfo.io/missingauth"
}
-------------------
[2026-06-06T12:57:42.397186] {
  "ip": "192.145.125.36",
  "city": "Frankfurt am Main",
  "region": "Hesse",
  "country": "DE",
  "loc": "50.1025,8.6299",
  "org": "AS9009 M247 Europe SRL",
  "postal": "60326",
  "timezone": "Europe/Berlin",
  "readme": "https://ipinfo.io/missingauth"
}
-------------------
[2026-06-16T20:49:36.825088] {
  "ip": "89.58.13.238",
  "hostname": "v2202501251155310256.ultrasrv.de",
  "city": "Nuremberg",
  "region": "Bavaria",
  "country": "DE",
  "loc": "49.4542,11.0775",
  "org": "AS197540 netcup GmbH",
  "postal": "90051",
  "timezone": "Europe/Berlin",
  "readme": "https://ipinfo.io/missingauth"
}
-------------------
[2026-06-16T20:56:41.988912] Error: Network request failed - Unable to resolve host "ipinfo.io": No address associated with hostname
-------------------
[2026-06-16T20:56:58.384572] Error: Network request failed - Unable to resolve host "ipinfo.io": No address associated with hostname
-------------------
[2026-06-16T21:13:19.979082] Error: Network request failed - Unable to resolve host "ipinfo.io": No address associated with hostname
-------------------
[2026-06-16T21:15:50.983613] Error: Network request failed - Unable to resolve host "ipinfo.io": No address associated with hostname
-------------------
[2026-06-16T21:22:03.387543] Error: Network request failed - Unable to resolve host "ipinfo.io": No address associated with hostname
-------------------
[2026-06-16T21:31:46.934486] Error: Network request failed - Unable to resolve host "ipinfo.io": No address associated with hostname
-------------------
[2026-06-16T21:51:25.391189] {
  "ip": "89.58.13.238",
  "hostname": "v2202501251155310256.ultrasrv.de",
  "city": "Nuremberg",
  "region": "Bavaria",
  "country": "DE",
  "loc": "49.4542,11.0775",
  "org": "AS197540 netcup GmbH",
  "postal": "90051",
  "timezone": "Europe/Berlin",
  "readme": "https://ipinfo.io/missingauth"
}
-------------------
[2026-06-16T21:53:59.63501] {
  "ip": "89.58.13.238",
  "hostname": "v2202501251155310256.ultrasrv.de",
  "city": "Nuremberg",
  "region": "Bavaria",
  "country": "DE",
  "loc": "49.4542,11.0775",
  "org": "AS197540 netcup GmbH",
  "postal": "90051",
  "timezone": "Europe/Berlin",
  "readme": "https://ipinfo.io/missingauth"
}
-------------------
[2026-06-16T22:06:52.292119] Error: Code 429 - 
-------------------
[2026-06-16T22:07:26.671791] {
  "ip": "89.58.13.238",
  "hostname": "v2202501251155310256.ultrasrv.de",
  "city": "Nuremberg",
  "region": "Bavaria",
  "country": "DE",
  "loc": "49.4542,11.0775",
  "org": "AS197540 netcup GmbH",
  "postal": "90051",
  "timezone": "Europe/Berlin",
  "readme": "https://ipinfo.io/missingauth"
}
-------------------
[2026-06-16T23:15:52.962273] Error: Network request failed - Unable to resolve host "ipinfo.io": No address associated with hostname
-------------------
[2026-06-16T23:23:38.116895] {
  "ip": "89.58.13.238",
  "hostname": "v2202501251155310256.ultrasrv.de",
  "city": "Nuremberg",
  "region": "Bavaria",
  "country": "DE",
  "loc": "49.4542,11.0775",
  "org": "AS197540 netcup GmbH",
  "postal": "90051",
  "timezone": "Europe/Berlin",
  "readme": "https://ipinfo.io/missingauth"
}
-------------------
[2026-06-16T23:42:14.367775] {
  "ip": "89.58.13.238",
  "hostname": "v2202501251155310256.ultrasrv.de",
  "city": "Nuremberg",
  "region": "Bavaria",
  "country": "DE",
  "loc": "49.4542,11.0775",
  "org": "AS197540 netcup GmbH",
  "postal": "90051",
  "timezone": "Europe/Berlin",
  "readme": "https://ipinfo.io/missingauth"
}
-------------------
[2026-06-17T23:41:54.037705] {
  "ip": "89.58.13.238",
  "hostname": "v2202501251155310256.ultrasrv.de",
  "city": "Nuremberg",
  "region": "Bavaria",
  "country": "DE",
  "loc": "49.4542,11.0775",
  "org": "AS197540 netcup GmbH",
  "postal": "90051",
  "timezone": "Europe/Berlin",
  "readme": "https://ipinfo.io/missingauth"
}
-------------------
[2026-06-18T00:57:08.459161] {
  "ip": "89.58.13.238",
  "hostname": "v2202501251155310256.ultrasrv.de",
  "city": "Nuremberg",
  "region": "Bavaria",
  "country": "DE",
  "loc": "49.4542,11.0775",
  "org": "AS197540 netcup GmbH",
  "postal": "90051",
  "timezone": "Europe/Berlin",
  "readme": "https://ipinfo.io/missingauth"
}
-------------------
[2026-06-18T13:43:41.310134] Error: Network request failed - Read timed out
-------------------
[2026-06-18T15:24:10.196309] {
  "ip": "94.156.65.192",
  "city": "London",
  "region": "England",
  "country": "GB",
  "loc": "51.5085,-0.1257",
  "org": "AS208893 SPARKS COMMUNICATIONS LTD",
  "postal": "WC2N",
  "timezone": "Europe/London",
  "readme": "https://ipinfo.io/missingauth"
}
-------------------
[2026-06-18T16:13:29.094695] Error: Network request failed - Unable to resolve host "ipinfo.io": No address associated with hostname
-------------------
[2026-06-18T16:13:31.005472] Error: Network request failed - Unable to resolve host "ipinfo.io": No address associated with hostname
-------------------
[2026-06-18T16:24:10.84981] {
  "ip": "37.248.243.199",
  "city": "Poznań",
  "region": "Greater Poland",
  "country": "PL",
  "loc": "52.4069,16.9299",
  "org": "AS8374 Polkomtel Sp. z o.o.",
  "postal": "61-101",
  "timezone": "Europe/Warsaw",
  "readme": "https://ipinfo.io/missingauth"
}
-------------------
[2026-06-18T17:23:20.416709] {
  "ip": "89.58.13.238",
  "hostname": "v2202501251155310256.ultrasrv.de",
  "city": "Nuremberg",
  "region": "Bavaria",
  "country": "DE",
  "loc": "49.4542,11.0775",
  "org": "AS197540 netcup GmbH",
  "postal": "90051",
  "timezone": "Europe/Berlin",
  "readme": "https://ipinfo.io/missingauth"
}
-------------------
[2026-06-18T19:09:56.263458] Error: Network request failed - Unable to resolve host "ipinfo.io": No address associated with hostname
-------------------
[2026-06-18T19:23:52.02944] Error: Network request failed - Unable to resolve host "ipinfo.io": No address associated with hostname
-------------------
[2026-06-18T19:55:07.421137] {
  "ip": "195.12.231.117",
  "city": "London",
  "region": "England",
  "country": "GB",
  "loc": "51.5085,-0.1257",
  "org": "AS1299 Arelion Sweden AB",
  "postal": "WC2N",
  "timezone": "Europe/London",
  "readme": "https://ipinfo.io/missingauth"
}
-------------------
[2026-06-19T12:25:19.240791] {
  "ip": "178.208.128.146",
  "city": "Vidnoye",
  "region": "Moscow Oblast",
  "country": "RU",
  "loc": "55.5523,37.7088",
  "org": "AS8732 JSC Comcor",
  "postal": "142700",
  "timezone": "Europe/Moscow",
  "readme": "https://ipinfo.io/missingauth"
}
-------------------
[2026-06-19T15:23:02.741249] {
  "ip": "136.169.50.80",
  "city": "Riga",
  "region": "Riga",
  "country": "LV",
  "loc": "56.9460,24.1059",
  "org": "AS20910 SIA BITE Latvija",
  "postal": "LV-1001",
  "timezone": "Europe/Riga",
  "readme": "https://ipinfo.io/missingauth"
}
-------------------
[2026-06-19T15:29:02.418856] {
  "ip": "94.156.64.161",
  "city": "London",
  "region": "England",
  "country": "GB",
  "loc": "51.5085,-0.1257",
  "org": "AS208893 SPARKS COMMUNICATIONS LTD",
  "postal": "WC2N",
  "timezone": "Europe/London",
  "readme": "https://ipinfo.io/missingauth"
}
-------------------
[2026-06-20T13:18:51.240466] {
  "ip": "46.255.75.201",
  "city": "London",
  "region": "England",
  "country": "GB",
  "loc": "51.5085,-0.1257",
  "org": "AS208893 SPARKS COMMUNICATIONS LTD",
  "postal": "WC2N",
  "timezone": "Europe/London",
  "readme": "https://ipinfo.io/missingauth"
}
-------------------
[2026-06-20T13:18:55.031622] {
  "ip": "46.255.75.201",
  "city": "London",
  "region": "England",
  "country": "GB",
  "loc": "51.5085,-0.1257",
  "org": "AS208893 SPARKS COMMUNICATIONS LTD",
  "postal": "WC2N",
  "timezone": "Europe/London",
  "readme": "https://ipinfo.io/missingauth"
}
-------------------
[2026-06-20T13:25:03.5195] {
  "ip": "46.255.75.201",
  "city": "London",
  "region": "England",
  "country": "GB",
  "loc": "51.5085,-0.1257",
  "org": "AS208893 SPARKS COMMUNICATIONS LTD",
  "postal": "WC2N",
  "timezone": "Europe/London",
  "readme": "https://ipinfo.io/missingauth"
}
-------------------
[2026-06-20T13:25:44.635928] {
  "ip": "185.79.103.14",
  "city": "Moscow",
  "region": "Moscow",
  "country": "RU",
  "loc": "55.7520,37.6178",
  "org": "AS202173 MaximaTelecom JSC",
  "postal": "101000",
  "timezone": "Europe/Moscow",
  "readme": "https://ipinfo.io/missingauth"
}
-------------------
[2026-06-20T13:28:02.530717] {
  "ip": "185.79.103.14",
  "city": "Moscow",
  "region": "Moscow",
  "country": "RU",
  "loc": "55.7520,37.6178",
  "org": "AS202173 MaximaTelecom JSC",
  "postal": "101000",
  "timezone": "Europe/Moscow",
  "readme": "https://ipinfo.io/missingauth"
}
-------------------
[2026-06-20T13:42:27.586962] Error: Network request failed - Unable to resolve host "ipinfo.io": No address associated with hostname
-------------------
[2026-06-20T13:44:53.444511] {
  "ip": "193.222.98.153",
  "city": "London",
  "region": "England",
  "country": "GB",
  "loc": "51.5085,-0.1257",
  "org": "AS208893 SPARKS COMMUNICATIONS LTD",
  "postal": "WC2N",
  "timezone": "Europe/London",
  "readme": "https://ipinfo.io/missingauth"
}
-------------------
[2026-06-20T16:42:24.436227] {
  "ip": "94.156.65.246",
  "city": "London",
  "region": "England",
  "country": "GB",
  "loc": "51.5085,-0.1257",
  "org": "AS208893 SPARKS COMMUNICATIONS LTD",
  "postal": "WC2N",
  "timezone": "Europe/London",
  "readme": "https://ipinfo.io/missingauth"
}
-------------------
[2026-06-20T17:36:06.225448] {
  "ip": "89.58.13.238",
  "hostname": "nobody.yourvserver.net",
  "city": "Nuremberg",
  "region": "Bavaria",
  "country": "DE",
  "loc": "49.4542,11.0775",
  "org": "AS197540 netcup GmbH",
  "postal": "90051",
  "timezone": "Europe/Berlin",
  "readme": "https://ipinfo.io/missingauth"
}
-------------------
[2026-06-21T12:16:28.407001] {
  "ip": "91.78.46.181",
  "hostname": "ppp91-78-46-181.pppoe.mtu-net.ru",
  "city": "Moscow",
  "region": "Moscow",
  "country": "RU",
  "loc": "55.7520,37.6178",
  "org": "AS8359 MTS PJSC",
  "postal": "101000",
  "timezone": "Europe/Moscow",
  "readme": "https://ipinfo.io/missingauth"
}
-------------------
[2026-06-21T12:25:59.128496] {
  "ip": "89.58.13.238",
  "hostname": "nobody.yourvserver.net",
  "city": "Nuremberg",
  "region": "Bavaria",
  "country": "DE",
  "loc": "49.4542,11.0775",
  "org": "AS197540 netcup GmbH",
  "postal": "90051",
  "timezone": "Europe/Berlin",
  "readme": "https://ipinfo.io/missingauth"
}
-------------------
[2026-06-21T12:57:42.50803] {
  "ip": "89.58.13.238",
  "hostname": "nobody.yourvserver.net",
  "city": "Nuremberg",
  "region": "Bavaria",
  "country": "DE",
  "loc": "49.4542,11.0775",
  "org": "AS197540 netcup GmbH",
  "postal": "90051",
  "timezone": "Europe/Berlin",
  "readme": "https://ipinfo.io/missingauth"
}
-------------------
[2026-06-21T14:52:42.575672] {
  "ip": "89.58.13.238",
  "hostname": "nobody.yourvserver.net",
  "city": "Nuremberg",
  "region": "Bavaria",
  "country": "DE",
  "loc": "49.4542,11.0775",
  "org": "AS197540 netcup GmbH",
  "postal": "90051",
  "timezone": "Europe/Berlin",
  "readme": "https://ipinfo.io/missingauth"
}
-------------------
[2026-06-21T21:27:12.407922] {
  "ip": "89.58.13.238",
  "hostname": "v2202606369624471473.bestsrv.de",
  "city": "Nuremberg",
  "region": "Bavaria",
  "country": "DE",
  "loc": "49.4542,11.0775",
  "org": "AS197540 netcup GmbH",
  "postal": "90051",
  "timezone": "Europe/Berlin",
  "readme": "https://ipinfo.io/missingauth"
}
-------------------
[2026-06-21T21:38:45.840984] Error: Network request failed - Software caused connection abort
-------------------
[2026-06-21T21:39:10.322836] Error: Network request failed - Read timed out
-------------------
[2026-06-22T11:41:53.995845] {
  "ip": "89.58.13.238",
  "hostname": "v2202606369624471473.bestsrv.de",
  "city": "Nuremberg",
  "region": "Bavaria",
  "country": "DE",
  "loc": "49.4542,11.0775",
  "org": "AS197540 netcup GmbH",
  "postal": "90051",
  "timezone": "Europe/Berlin",
  "readme": "https://ipinfo.io/missingauth"
}
-------------------
[2026-06-22T11:43:07.995846] {
  "ip": "89.58.13.238",
  "hostname": "v2202606369624471473.bestsrv.de",
  "city": "Nuremberg",
  "region": "Bavaria",
  "country": "DE",
  "loc": "49.4542,11.0775",
  "org": "AS197540 netcup GmbH",
  "postal": "90051",
  "timezone": "Europe/Berlin",
  "readme": "https://ipinfo.io/missingauth"
}
-------------------
[2026-06-22T11:46:49.652399] {
  "ip": "89.58.13.238",
  "hostname": "v2202606369624471473.bestsrv.de",
  "city": "Nuremberg",
  "region": "Bavaria",
  "country": "DE",
  "loc": "49.4542,11.0775",
  "org": "AS197540 netcup GmbH",
  "postal": "90051",
  "timezone": "Europe/Berlin",
  "readme": "https://ipinfo.io/missingauth"
}
-------------------
[2026-06-22T16:41:58.199708] {
  "ip": "91.217.194.51",
  "city": "Khimki",
  "region": "Moscow Oblast",
  "country": "RU",
  "loc": "55.9001,37.4285",
  "org": "AS35237 Sberbank of Russia PJSC",
  "postal": "141400",
  "timezone": "Europe/Moscow",
  "readme": "https://ipinfo.io/missingauth"
}
-------------------
[2026-06-23T15:24:54.855392] {
  "ip": "89.58.13.238",
  "hostname": "v2202606369624471473.bestsrv.de",
  "city": "Nuremberg",
  "region": "Bavaria",
  "country": "DE",
  "loc": "49.4542,11.0775",
  "org": "AS197540 netcup GmbH",
  "postal": "90051",
  "timezone": "Europe/Berlin",
  "readme": "https://ipinfo.io/missingauth"
}
-------------------
[2026-06-24T11:52:31.455917] {
  "ip": "89.58.13.238",
  "hostname": "v2202606369624471473.bestsrv.de",
  "city": "Nuremberg",
  "region": "Bavaria",
  "country": "DE",
  "loc": "49.4542,11.0775",
  "org": "AS197540 netcup GmbH",
  "postal": "90051",
  "timezone": "Europe/Berlin",
  "readme": "https://ipinfo.io/missingauth"
}
-------------------
[2026-06-24T13:26:32.069617] {
  "ip": "94.156.253.226",
  "city": "London",
  "region": "England",
  "country": "GB",
  "loc": "51.5085,-0.1257",
  "org": "AS208893 SPARKS COMMUNICATIONS LTD",
  "postal": "WC2N",
  "timezone": "Europe/London",
  "readme": "https://ipinfo.io/missingauth"
}
-------------------
[2026-06-25T01:42:36.139068] {
  "ip": "89.58.13.238",
  "hostname": "v2202606369624471473.bestsrv.de",
  "city": "Nuremberg",
  "region": "Bavaria",
  "country": "DE",
  "loc": "49.4542,11.0775",
  "org": "AS197540 netcup GmbH",
  "postal": "90051",
  "timezone": "Europe/Berlin",
  "readme": "https://ipinfo.io/missingauth"
}
-------------------
[2026-06-25T12:35:47.76023] {
  "ip": "92.36.13.158",
  "city": "Ramenskoye",
  "region": "Moscow Oblast",
  "country": "RU",
  "loc": "55.5634,38.2415",
  "org": "AS12958 T2 Mobile LLC",
  "postal": "140100",
  "timezone": "Europe/Moscow",
  "readme": "https://ipinfo.io/missingauth"
}
-------------------
[2026-06-25T12:36:51.757204] {
  "ip": "92.36.13.158",
  "city": "Ramenskoye",
  "region": "Moscow Oblast",
  "country": "RU",
  "loc": "55.5634,38.2415",
  "org": "AS12958 T2 Mobile LLC",
  "postal": "140100",
  "timezone": "Europe/Moscow",
  "readme": "https://ipinfo.io/missingauth"
}
-------------------
[2026-06-25T12:38:17.766945] {
  "ip": "92.36.13.158",
  "city": "Ramenskoye",
  "region": "Moscow Oblast",
  "country": "RU",
  "loc": "55.5634,38.2415",
  "org": "AS12958 T2 Mobile LLC",
  "postal": "140100",
  "timezone": "Europe/Moscow",
  "readme": "https://ipinfo.io/missingauth"
}
-------------------
[2026-06-25T12:40:21.182842] {
  "ip": "92.36.13.158",
  "city": "Ramenskoye",
  "region": "Moscow Oblast",
  "country": "RU",
  "loc": "55.5634,38.2415",
  "org": "AS12958 T2 Mobile LLC",
  "postal": "140100",
  "timezone": "Europe/Moscow",
  "readme": "https://ipinfo.io/missingauth"
}
-------------------
[2026-06-25T12:41:46.013502] {
  "ip": "91.78.37.53",
  "hostname": "ppp91-78-37-53.pppoe.mtu-net.ru",
  "city": "Moscow",
  "region": "Moscow",
  "country": "RU",
  "loc": "55.7520,37.6178",
  "org": "AS8359 MTS PJSC",
  "postal": "101000",
  "timezone": "Europe/Moscow",
  "readme": "https://ipinfo.io/missingauth"
}
-------------------
[2026-06-25T12:46:07.847269] {
  "ip": "194.238.75.209",
  "city": "London",
  "region": "England",
  "country": "GB",
  "loc": "51.5085,-0.1257",
  "org": "AS208893 SPARKS COMMUNICATIONS LTD",
  "postal": "WC2N",
  "timezone": "Europe/London",
  "readme": "https://ipinfo.io/missingauth"
}
-------------------
[2026-06-25T19:52:47.298091] {
  "ip": "89.58.13.238",
  "hostname": "v2202606369624471473.bestsrv.de",
  "city": "Nuremberg",
  "region": "Bavaria",
  "country": "DE",
  "loc": "49.4542,11.0775",
  "org": "AS197540 netcup GmbH",
  "postal": "90051",
  "timezone": "Europe/Berlin",
  "readme": "https://ipinfo.io/missingauth"
}
-------------------
[2026-06-26T12:09:56.703911] Error: Network request failed - Unable to resolve host "ipinfo.io": No address associated with hostname
-------------------
[2026-06-26T12:10:11.86415] {
  "ip": "91.79.3.228",
  "hostname": "ppp91-79-3-228.pppoe.mtu-net.ru",
  "city": "Moscow",
  "region": "Moscow",
  "country": "RU",
  "loc": "55.7520,37.6178",
  "org": "AS8359 MTS PJSC",
  "postal": "101000",
  "timezone": "Europe/Moscow",
  "readme": "https://ipinfo.io/missingauth"
}
-------------------
[2026-06-26T12:11:04.140577] {
  "ip": "195.12.231.49",
  "city": "London",
  "region": "England",
  "country": "GB",
  "loc": "51.5085,-0.1257",
  "org": "AS1299 Arelion Sweden AB",
  "postal": "WC2N",
  "timezone": "Europe/London",
  "readme": "https://ipinfo.io/missingauth"
}
-------------------
[2026-06-26T12:12:52.840794] {
  "ip": "136.169.50.80",
  "city": "Riga",
  "region": "Riga",
  "country": "LV",
  "loc": "56.9460,24.1059",
  "org": "AS20910 SIA BITE Latvija",
  "postal": "LV-1001",
  "timezone": "Europe/Riga",
  "readme": "https://ipinfo.io/missingauth"
}
-------------------
[2026-06-26T20:37:21.419189] Error: Network request failed - Unable to resolve host "ipinfo.io": No address associated with hostname
-------------------
[2026-06-26T20:41:07.827163] Error: Network request failed - Unable to resolve host "ipinfo.io": No address associated with hostname
-------------------
[2026-06-26T20:41:36.803632] Error: Network request failed - Unable to resolve host "ipinfo.io": No address associated with hostname
-------------------
[2026-06-26T20:41:42.367679] {
  "ip": "91.79.26.133",
  "hostname": "ppp91-79-26-133.pppoe.mtu-net.ru",
  "city": "Moscow",
  "region": "Moscow",
  "country": "RU",
  "loc": "55.7520,37.6178",
  "org": "AS8359 MTS PJSC",
  "postal": "101000",
  "timezone": "Europe/Moscow",
  "readme": "https://ipinfo.io/missingauth"
}
-------------------
[2026-06-26T20:42:11.088131] Error: Network request failed - Read timed out
-------------------
[2026-06-26T20:42:29.357341] {
  "ip": "91.79.26.133",
  "hostname": "ppp91-79-26-133.pppoe.mtu-net.ru",
  "city": "Moscow",
  "region": "Moscow",
  "country": "RU",
  "loc": "55.7520,37.6178",
  "org": "AS8359 MTS PJSC",
  "postal": "101000",
  "timezone": "Europe/Moscow",
  "readme": "https://ipinfo.io/missingauth"
}
-------------------
[2026-06-26T20:42:53.017578] Error: Network request failed - Unable to resolve host "ipinfo.io": No address associated with hostname
-------------------
[2026-06-26T20:46:41.864049] Error: Network request failed - Unable to resolve host "ipinfo.io": No address associated with hostname
-------------------
[2026-06-26T20:53:05.390857] {
  "ip": "89.58.13.238",
  "hostname": "v2202606369624471473.bestsrv.de",
  "city": "Nuremberg",
  "region": "Bavaria",
  "country": "DE",
  "loc": "49.4542,11.0775",
  "org": "AS197540 netcup GmbH",
  "postal": "90051",
  "timezone": "Europe/Berlin",
  "readme": "https://ipinfo.io/missingauth"
}
-------------------
[2026-06-26T21:17:25.545786] {
  "ip": "91.78.37.55",
  "hostname": "ppp91-78-37-55.pppoe.mtu-net.ru",
  "city": "Moscow",
  "region": "Moscow",
  "country": "RU",
  "loc": "55.7520,37.6178",
  "org": "AS8359 MTS PJSC",
  "postal": "101000",
  "timezone": "Europe/Moscow",
  "readme": "https://ipinfo.io/missingauth"
}
-------------------
[2026-06-26T21:50:16.449967] {
  "ip": "188.43.252.70",
  "hostname": "msk13rb.transtelecom.net",
  "city": "Novosibirsk",
  "region": "Novosibirsk Oblast",
  "country": "RU",
  "loc": "55.0226,82.9317",
  "org": "AS20485 Joint Stock Company TransTeleCom",
  "postal": "630000",
  "timezone": "Asia/Novosibirsk",
  "readme": "https://ipinfo.io/missingauth"
}
-------------------
[2026-06-26T21:51:09.367683] Error: Network request failed - Unable to resolve host "ipinfo.io": No address associated with hostname
-------------------
[2026-06-26T21:51:23.12083] {
  "ip": "188.43.252.66",
  "hostname": "fpk1-gw.transtelecom.net",
  "city": "Novosibirsk",
  "region": "Novosibirsk Oblast",
  "country": "RU",
  "loc": "55.0226,82.9317",
  "org": "AS20485 Joint Stock Company TransTeleCom",
  "postal": "630000",
  "timezone": "Asia/Novosibirsk",
  "readme": "https://ipinfo.io/missingauth"
}
-------------------
[2026-06-26T22:31:07.762522] Error: Network request failed - Unable to resolve host "ipinfo.io": No address associated with hostname
-------------------
[2026-06-26T22:31:25.020359] Error: Network request failed - Read timed out
-------------------
[2026-06-26T22:31:40.673381] {
  "ip": "188.43.252.66",
  "hostname": "fpk1-gw.transtelecom.net",
  "city": "Novosibirsk",
  "region": "Novosibirsk Oblast",
  "country": "RU",
  "loc": "55.0226,82.9317",
  "org": "AS20485 Joint Stock Company TransTeleCom",
  "postal": "630000",
  "timezone": "Asia/Novosibirsk",
  "readme": "https://ipinfo.io/missingauth"
}
-------------------
[2026-06-26T22:58:11.238722] {
  "ip": "188.43.252.70",
  "hostname": "msk13rb.transtelecom.net",
  "city": "Novosibirsk",
  "region": "Novosibirsk Oblast",
  "country": "RU",
  "loc": "55.0226,82.9317",
  "org": "AS20485 Joint Stock Company TransTeleCom",
  "postal": "630000",
  "timezone": "Asia/Novosibirsk",
  "readme": "https://ipinfo.io/missingauth"
}
-------------------
[2026-06-27T07:36:39.660891] Error: Network request failed - Read error: ssl=0xb400007b44656c18: Failure in SSL library, usually a protocol error
error:10000458:SSL routines:OPENSSL_internal:TLSV1_ALERT_UNRECOGNIZED_NAME (external/boringssl/src/ssl/tls_record.cc:486 0xb400007ae4662e50:0x00000003)
-------------------
[2026-06-27T07:45:26.537949] {
  "ip": "188.43.252.64",
  "hostname": "fpk1-link.transtelecom.net",
  "city": "Novosibirsk",
  "region": "Novosibirsk Oblast",
  "country": "RU",
  "loc": "55.0226,82.9317",
  "org": "AS20485 Joint Stock Company TransTeleCom",
  "postal": "630000",
  "timezone": "Asia/Novosibirsk",
  "readme": "https://ipinfo.io/missingauth"
}
-------------------
[2026-06-27T08:32:59.683169] {
  "ip": "89.23.28.153",
  "hostname": "net089023028153.pskovline.ru",
  "city": "Pskov",
  "region": "Pskov Oblast",
  "country": "RU",
  "loc": "57.8192,28.3318",
  "org": "AS47438 Pskovline Ltd.",
  "postal": "180000",
  "timezone": "Europe/Moscow",
  "readme": "https://ipinfo.io/missingauth"
}
-------------------
[2026-06-27T08:35:10.953684] {
  "ip": "89.58.13.238",
  "hostname": "v2202606369624471473.bestsrv.de",
  "city": "Nuremberg",
  "region": "Bavaria",
  "country": "DE",
  "loc": "49.4542,11.0775",
  "org": "AS197540 netcup GmbH",
  "postal": "90051",
  "timezone": "Europe/Berlin",
  "readme": "https://ipinfo.io/missingauth"
}
-------------------
[2026-06-27T08:38:31.886349] {
  "ip": "89.23.28.153",
  "hostname": "net089023028153.pskovline.ru",
  "city": "Pskov",
  "region": "Pskov Oblast",
  "country": "RU",
  "loc": "57.8192,28.3318",
  "org": "AS47438 Pskovline Ltd.",
  "postal": "180000",
  "timezone": "Europe/Moscow",
  "readme": "https://ipinfo.io/missingauth"
}
-------------------
[2026-06-27T12:13:41.910721] {
  "ip": "89.58.13.238",
  "hostname": "v2202606369624471473.bestsrv.de",
  "city": "Nuremberg",
  "region": "Bavaria",
  "country": "DE",
  "loc": "49.4542,11.0775",
  "org": "AS197540 netcup GmbH",
  "postal": "90051",
  "timezone": "Europe/Berlin",
  "readme": "https://ipinfo.io/missingauth"
}
-------------------
[2026-06-27T12:15:55.33236] {
  "ip": "91.78.118.23",
  "hostname": "ppp91-78-118-23.pppoe.mtu-net.ru",
  "city": "Saint Petersburg",
  "region": "St.-Petersburg",
  "country": "RU",
  "loc": "59.9386,30.3141",
  "org": "AS8359 MTS PJSC",
  "postal": "195213",
  "timezone": "Europe/Moscow",
  "readme": "https://ipinfo.io/missingauth"
}
-------------------
[2026-06-27T12:18:22.067774] Error: Network request failed - Unable to resolve host "ipinfo.io": No address associated with hostname
-------------------
[2026-06-27T12:18:25.847105] Error: Network request failed - Unable to resolve host "ipinfo.io": No address associated with hostname
-------------------
[2026-06-27T12:21:09.210832] Error: Network request failed - Unable to resolve host "ipinfo.io": No address associated with hostname
-------------------
[2026-06-27T12:22:57.618459] Error: Network request failed - Unable to resolve host "ipinfo.io": No address associated with hostname
-------------------
[2026-06-27T12:30:55.116522] Error: Network request failed - Unable to resolve host "ipinfo.io": No address associated with hostname
-------------------
[2026-06-27T12:32:17.971028] Error: Network request failed - Unable to resolve host "ipinfo.io": No address associated with hostname
-------------------
[2026-06-27T12:32:23.307941] Error: Network request failed - Unable to resolve host "ipinfo.io": No address associated with hostname
-------------------
[2026-06-28T16:24:54.8543] {
  "ip": "84.15.223.176",
  "city": "Riga",
  "region": "Riga",
  "country": "LV",
  "loc": "56.9460,24.1059",
  "org": "AS13194 Bite IP Network",
  "postal": "LV-1073",
  "timezone": "Europe/Riga",
  "readme": "https://ipinfo.io/missingauth"
}
-------------------
[2026-07-11T18:37:00.828616] {
  "ip": "89.58.13.238",
  "hostname": "v2202606369624471473.bestsrv.de",
  "city": "Nuremberg",
  "region": "Bavaria",
  "country": "DE",
  "loc": "49.4542,11.0775",
  "org": "AS197540 netcup GmbH",
  "postal": "90051",
  "timezone": "Europe/Berlin",
  "readme": "https://ipinfo.io/missingauth"
}
-------------------
[2026-07-11T18:37:14.900948] {
  "ip": "84.15.221.198",
  "city": "Riga",
  "region": "Riga",
  "country": "LV",
  "loc": "56.9460,24.1059",
  "org": "AS13194 Bite IP Network",
  "postal": "LV-1073",
  "timezone": "Europe/Riga",
  "readme": "https://ipinfo.io/missingauth"
}
-------------------
[2026-07-14T16:32:14.901565] {
  "ip": "89.58.13.238",
  "hostname": "v2202606369624471473.bestsrv.de",
  "city": "Nuremberg",
  "region": "Bavaria",
  "country": "DE",
  "loc": "49.4542,11.0775",
  "org": "AS197540 netcup GmbH",
  "postal": "90051",
  "timezone": "Europe/Berlin",
  "readme": "https://ipinfo.io/missingauth"
}
-------------------
[2026-07-23T15:24:10.811929] {
  "ip": "84.15.220.254",
  "city": "Riga",
  "region": "Riga",
  "country": "LV",
  "loc": "56.9460,24.1059",
  "org": "AS13194 Bite IP Network",
  "postal": "LV-1073",
  "timezone": "Europe/Riga",
  "readme": "https://ipinfo.io/missingauth"
}
-------------------
[2026-07-31T19:26:28.072322] {
  "ip": "80.232.243.183",
  "city": "Jūrmala",
  "region": "Jūrmala",
  "country": "LV",
  "loc": "56.9680,23.7704",
  "org": "AS12578 SIA Tet",
  "postal": "LV-2008",
  "timezone": "Europe/Riga",
  "readme": "https://ipinfo.io/missingauth"
}
-------------------
[2026-08-02T21:13:32.556013] {
  "ip": "136.169.50.80",
  "city": "Riga",
  "region": "Riga",
  "country": "LV",
  "loc": "56.9460,24.1059",
  "org": "AS20910 SIA BITE Latvija",
  "postal": "LV-1001",
  "timezone": "Europe/Riga",
  "readme": "https://ipinfo.io/missingauth"
}
-------------------
[2026-08-03T19:04:40.575224] {
  "ip": "136.169.50.80",
  "city": "Riga",
  "region": "Riga",
  "country": "LV",
  "loc": "56.9460,24.1059",
  "org": "AS20910 SIA BITE Latvija",
  "postal": "LV-1001",
  "timezone": "Europe/Riga",
  "readme": "https://ipinfo.io/missingauth"
}
-------------------
